C51 COMPILER V9.01   I2C                                                                   04/01/2012 00:34:01 PAGE 1   


C51 COMPILER V9.01, COMPILATION OF MODULE I2C
OBJECT MODULE PLACED IN i2c.OBJ
COMPILER INVOKED BY: C:\Keil\C51\BIN\C51.EXE i2c.c BROWSE DEBUG OBJECTEXTEND

line level    source

   1          /* =========================================================================
   2          *     I2C总线基本操作函数
   3          * =========================================================================*/
   4          /* 全局符号定义 */
   5          #define HIGH 1
   6          #define LOW 0
   7          #define FALSE 0
   8          #define TRUE ~FALSE
   9          #define uchar unsigned char
  10          sbit SCL                = 0x96 ;
  11          sbit SDA                = 0x97 ;
  12          
  13          
  14          /****************************************************************************
  15          *    函数原型: void delay(void);
  16          *    功    能: 本函数实际上只有一条返回指令, 在具体应用中可视具体要求增加延时 
  17          *              指令。
  18          ****************************************************************************/
  19          void delay( void ) {
  20   1              ;
  21   1       }
  22          
  23          /****************************************************************************
  24          *    函数原型: void I_start(void);
  25          *    功    能: 提供I2C总线工作时序中的起始位。                             
  26          ****************************************************************************/
  27          void I_start( void ) {
  28   1              SCL = HIGH ;
  29   1              delay() ;
  30   1              SDA = LOW ;
  31   1              delay() ;
  32   1              SCL = LOW ;
  33   1              delay() ;
  34   1       }
  35          
  36          /****************************************************************************
  37          *    函数原型: void I_stop(void);
  38          *    功    能: 提供I2C总线工作时序中的停止位。
  39          ****************************************************************************/
  40          void I_stop( void ) {
  41   1              SDA = LOW ;
  42   1              delay() ;
  43   1              SCL = HIGH ;
  44   1              delay() ;
  45   1              SDA = HIGH ;
  46   1              delay() ;
  47   1              SCL = LOW ;
  48   1              delay() ;
  49   1       }
  50          
  51          /****************************************************************************
  52          *    函数原型: void I_init(void);
  53          *    功    能: I2C总线初始化。在main()函数中应首先调用本函数, 然后再调用
  54          *              其它函数。
  55          ****************************************************************************/
C51 COMPILER V9.01   I2C                                                                   04/01/2012 00:34:01 PAGE 2   

  56          void I_init( void ) {
  57   1              SCL = LOW ;
  58   1              I_stop() ;
  59   1      }
  60          
  61          /****************************************************************************
  62          *    函数原型: bit I_clock(void);
  63          *    功    能: 提供I2C总线的时钟信号, 并返回在时钟电平为高期间SDA 信号线上状
  64          *              态。本函数可用于数据发送, 也可用于数据接收。
  65          ****************************************************************************/
  66          bit I_clock( void ) {
  67   1              bit sample ;
  68   1              SCL = HIGH ;
  69   1              delay() ;
  70   1              sample = SDA ;
  71   1              SCL = LOW ;
  72   1              delay() ;
  73   1              return ( sample ) ;
  74   1       }
  75          
  76          /****************************************************************************
  77          *    函数原型: bit I_send(uchar I_data);
  78          *    功    能: 向I2C总线发送8位数据, 并请求一个应答信号ACK。如果收到ACK应答
  79          *              则返回1(TRUE), 否则返回0(FALSE)。
  80          ****************************************************************************/
  81          bit I_send( uchar I_data ) {
  82   1              uchar i ;
  83   1              /* 发送8位数据 */
  84   1              for ( i=0 ; i<8 ; i++ ) {
  85   2                      SDA = (bit)( I_data & 0x80 ) ;
  86   2                      I_data = I_data << 1 ;
  87   2                      I_clock() ;
  88   2              }
  89   1              /* 请求应答信号ACK */
  90   1              SDA = HIGH ;
  91   1              return ( ~I_clock() );
  92   1        }
  93          
  94          /****************************************************************************
  95          *    函数原型: uchar I_receive(void);
  96          *    功    能: 从I2C总线上接收8位数据信号, 并将接收到8位数据作为一个字节
  97          *              返回, 不回送应答信号ACK。主函数在调用本函数之前应保证SDA信
  98          *              号线处于浮置状态, 即使8051的P1.7脚置1。
  99          ****************************************************************************/
 100          uchar I_receive( void ) {
 101   1              uchar I_data = 0 ;
 102   1              register uchar i ;
 103   1              for ( i=0 ; i<8 ; i++ ) {
 104   2                      I_data *= 2 ;
 105   2                      if (I_clock()) I_data++ ;
 106   2              }
 107   1              return ( I_data ) ;
 108   1      }
 109          
 110          /****************************************************************************
 111          *    函数原型: void I_Ack(void);
 112          *    功    能: 向I2C总线发送一个应答信号ACK, 一般用于连续数据读取时。
 113          *****************************************************************************/
 114          void I_Ack( void ) {
 115   1              SDA = LOW ;
 116   1              I_clock() ;
 117   1              SDA = HIGH ;
C51 COMPILER V9.01   I2C                                                                   04/01/2012 00:34:01 PAGE 3   

 118   1      }
 119          


MODULE INFORMATION:   STATIC OVERLAYABLE
   CODE SIZE        =    108    ----
   CONSTANT SIZE    =   ----    ----
   XDATA SIZE       =   ----    ----
   PDATA SIZE       =   ----    ----
   DATA SIZE        =   ----    ----
   IDATA SIZE       =   ----    ----
   BIT SIZE         =   ----       1
END OF MODULE INFORMATION.


C51 COMPILATION COMPLETE.  0 WARNING(S),  0 ERROR(S)
